{"ts":"2026-08-22T09:34:19.750Z","level":"info","msg":"chains discovered","count":2,"chains":["key=3/id=1","key=1/id=11155111"]}
{"ts":"2026-08-22T09:34:19.985Z","level":"info","msg":"migrations applied"}
{"ts":"2026-08-22T09:34:20.027Z","level":"info","msg":"worker started","chainKey":"[REDACTED]","chainId":11155111,"submitter":"0x06f9f53a1a7cFd399ee3a211a0d23abe1A646E42"}
{"ts":"2026-08-22T09:34:20.029Z","level":"info","msg":"health endpoint listening","port":8080}
{"ts":"2026-08-22T09:34:32.254Z","level":"info","msg":"candidate discovered","correlationId":"1-11541769-98-0","txHash":"0xbbc8293c74e8d362a8797bde78b400fbe4beead8b805ff995587c1d549e8fe0b","state":"DISCOVERED","blockHeight":11541769,"logIndex":0}
{"ts":"2026-08-22T09:34:32.525Z","level":"info","msg":"candidate discovered","correlationId":"1-11541770-104-0","txHash":"0xfc2dd1509962ab065423f6f12c313a2ffe714cf83e1c79c41fede2fdd11bd8b7","state":"DISCOVERED","blockHeight":11541770,"logIndex":0}
{"ts":"2026-08-22T09:34:32.771Z","level":"info","msg":"candidate discovered","correlationId":"1-11541771-87-0","txHash":"0xe1ba8ac08e2690190fe6cd5295aca40bee8f83e4750671e948f3e2e9c847037e","state":"DISCOVERED","blockHeight":11541771,"logIndex":0}
{"ts":"2026-08-22T09:34:33.032Z","level":"info","msg":"candidate discovered","correlationId":"1-11541773-70-0","txHash":"0xb2c57e2f2d80dcead660790fa71d0743876cd0f3cf72e19dd6dd310852b0386c","state":"DISCOVERED","blockHeight":11541773,"logIndex":0}
{"ts":"2026-08-22T09:34:33.289Z","level":"info","msg":"candidate discovered","correlationId":"1-11541774-79-0","txHash":"0x9722bab1e54b0afcf10103dbcd2eee9f17a5a8d24534532ade3d0ad19587c0a8","state":"DISCOVERED","blockHeight":11541774,"logIndex":0}
{"ts":"2026-08-22T09:34:33.570Z","level":"info","msg":"scan complete","discovered":5,"upTo":11542130}
{"ts":"2026-08-22T09:34:33.580Z","level":"info","msg":"waiting for attestation","correlationId":"1-11541769-98-0","txHash":"0xbbc8293c74e8d362a8797bde78b400fbe4beead8b805ff995587c1d549e8fe0b","state":"WAITING_ATTESTATION"}
{"ts":"2026-08-22T09:34:39.405Z","level":"info","msg":"height attested","blockHeight":11541769,"waitedMs":5825,"chainKey":"[REDACTED]"}
{"ts":"2026-08-22T09:34:40.127Z","level":"info","msg":"proof acquired","txHash":"0xbbc8293c74e8d362a8797bde78b400fbe4beead8b805ff995587c1d549e8fe0b","attempt":1,"latencyMs":722,"cached":true}
{"ts":"2026-08-22T09:34:41.804Z","level":"info","msg":"proved","correlationId":"1-11541769-98-0","txHash":"0xbbc8293c74e8d362a8797bde78b400fbe4beead8b805ff995587c1d549e8fe0b","state":"PROVED","txIndex":98}
{"ts":"2026-08-22T09:34:42.730Z","level":"info","msg":"fact already in vault, skipping submission","factId":"0x79838b4d60fe39cbcf50d9810bb27c33836633133e9d07c4f07dc184137d61d5","txHash":"0xbbc8293c74e8d362a8797bde78b400fbe4beead8b805ff995587c1d549e8fe0b"}
{"ts":"2026-08-22T09:34:42.730Z","level":"info","msg":"confirmed","correlationId":"1-11541769-98-0","txHash":"0xbbc8293c74e8d362a8797bde78b400fbe4beead8b805ff995587c1d549e8fe0b","state":"CONFIRMED","factId":"0x79838b4d60fe39cbcf50d9810bb27c33836633133e9d07c4f07dc184137d61d5","ccTxHash":"","alreadyExisted":true}
{"ts":"2026-08-22T09:34:42.731Z","level":"info","msg":"waiting for attestation","correlationId":"1-11541770-104-0","txHash":"0xfc2dd1509962ab065423f6f12c313a2ffe714cf83e1c79c41fede2fdd11bd8b7","state":"WAITING_ATTESTATION"}
{"ts":"2026-08-22T09:34:47.988Z","level":"info","msg":"height attested","blockHeight":11541770,"waitedMs":5257,"chainKey":"[REDACTED]"}
{"ts":"2026-08-22T09:34:48.752Z","level":"info","msg":"proof acquired","txHash":"0xfc2dd1509962ab065423f6f12c313a2ffe714cf83e1c79c41fede2fdd11bd8b7","attempt":1,"latencyMs":763,"cached":true}
{"ts":"2026-08-22T09:34:49.543Z","level":"info","msg":"proved","correlationId":"1-11541770-104-0","txHash":"0xfc2dd1509962ab065423f6f12c313a2ffe714cf83e1c79c41fede2fdd11bd8b7","state":"PROVED","txIndex":104}
{"ts":"2026-08-22T09:34:50.670Z","level":"info","msg":"fact already in vault, skipping submission","factId":"0x2d63fb53786303a1a634e24397350f4dc72a0cf6627ba8af6fd4f7a47dad4858","txHash":"0xfc2dd1509962ab065423f6f12c313a2ffe714cf83e1c79c41fede2fdd11bd8b7"}
{"ts":"2026-08-22T09:34:50.672Z","level":"info","msg":"confirmed","correlationId":"1-11541770-104-0","txHash":"0xfc2dd1509962ab065423f6f12c313a2ffe714cf83e1c79c41fede2fdd11bd8b7","state":"CONFIRMED","factId":"0x2d63fb53786303a1a634e24397350f4dc72a0cf6627ba8af6fd4f7a47dad4858","ccTxHash":"","alreadyExisted":true}
{"ts":"2026-08-22T09:34:50.674Z","level":"info","msg":"waiting for attestation","correlationId":"1-11541771-87-0","txHash":"0xe1ba8ac08e2690190fe6cd5295aca40bee8f83e4750671e948f3e2e9c847037e","state":"WAITING_ATTESTATION"}
{"ts":"2026-08-22T09:34:55.899Z","level":"info","msg":"height attested","blockHeight":11541771,"waitedMs":5225,"chainKey":"[REDACTED]"}
{"ts":"2026-08-22T09:34:56.657Z","level":"info","msg":"proof acquired","txHash":"0xe1ba8ac08e2690190fe6cd5295aca40bee8f83e4750671e948f3e2e9c847037e","attempt":1,"latencyMs":758,"cached":true}
{"ts":"2026-08-22T09:34:57.533Z","level":"info","msg":"proved","correlationId":"1-11541771-87-0","txHash":"0xe1ba8ac08e2690190fe6cd5295aca40bee8f83e4750671e948f3e2e9c847037e","state":"PROVED","txIndex":87}
{"ts":"2026-08-22T09:34:58.863Z","level":"info","msg":"fact already in vault, skipping submission","factId":"0xa2d2e377fbd333ef585a2fe6e412f3566a735f340014905bad713593a53edb0e","txHash":"0xe1ba8ac08e2690190fe6cd5295aca40bee8f83e4750671e948f3e2e9c847037e"}
{"ts":"2026-08-22T09:34:58.865Z","level":"info","msg":"confirmed","correlationId":"1-11541771-87-0","txHash":"0xe1ba8ac08e2690190fe6cd5295aca40bee8f83e4750671e948f3e2e9c847037e","state":"CONFIRMED","factId":"0xa2d2e377fbd333ef585a2fe6e412f3566a735f340014905bad713593a53edb0e","ccTxHash":"","alreadyExisted":true}
{"ts":"2026-08-22T09:34:58.867Z","level":"info","msg":"waiting for attestation","correlationId":"1-11541773-70-0","txHash":"0xb2c57e2f2d80dcead660790fa71d0743876cd0f3cf72e19dd6dd310852b0386c","state":"WAITING_ATTESTATION"}
{"ts":"2026-08-22T09:35:04.096Z","level":"info","msg":"height attested","blockHeight":11541773,"waitedMs":5229,"chainKey":"[REDACTED]"}
{"ts":"2026-08-22T09:35:04.848Z","level":"info","msg":"proof acquired","txHash":"0xb2c57e2f2d80dcead660790fa71d0743876cd0f3cf72e19dd6dd310852b0386c","attempt":1,"latencyMs":752,"cached":true}
{"ts":"2026-08-22T09:35:05.710Z","level":"info","msg":"proved","correlationId":"1-11541773-70-0","txHash":"0xb2c57e2f2d80dcead660790fa71d0743876cd0f3cf72e19dd6dd310852b0386c","state":"PROVED","txIndex":70}
{"ts":"2026-08-22T09:35:06.883Z","level":"info","msg":"fact already in vault, skipping submission","factId":"0x7989b504d49dce05068e6f0b064967feefa651f30763d862f8ed3cbbb701a758","txHash":"0xb2c57e2f2d80dcead660790fa71d0743876cd0f3cf72e19dd6dd310852b0386c"}
{"ts":"2026-08-22T09:35:06.884Z","level":"info","msg":"confirmed","correlationId":"1-11541773-70-0","txHash":"0xb2c57e2f2d80dcead660790fa71d0743876cd0f3cf72e19dd6dd310852b0386c","state":"CONFIRMED","factId":"0x7989b504d49dce05068e6f0b064967feefa651f30763d862f8ed3cbbb701a758","ccTxHash":"","alreadyExisted":true}
{"ts":"2026-08-22T09:35:06.885Z","level":"info","msg":"waiting for attestation","correlationId":"1-11541774-79-0","txHash":"0x9722bab1e54b0afcf10103dbcd2eee9f17a5a8d24534532ade3d0ad19587c0a8","state":"WAITING_ATTESTATION"}
{"ts":"2026-08-22T09:35:12.096Z","level":"info","msg":"height attested","blockHeight":11541774,"waitedMs":5211,"chainKey":"[REDACTED]"}
{"ts":"2026-08-22T09:35:12.995Z","level":"info","msg":"proof acquired","txHash":"0x9722bab1e54b0afcf10103dbcd2eee9f17a5a8d24534532ade3d0ad19587c0a8","attempt":1,"latencyMs":899,"cached":true}
{"ts":"2026-08-22T09:35:13.727Z","level":"info","msg":"proved","correlationId":"1-11541774-79-0","txHash":"0x9722bab1e54b0afcf10103dbcd2eee9f17a5a8d24534532ade3d0ad19587c0a8","state":"PROVED","txIndex":79}
{"ts":"2026-08-22T09:35:14.836Z","level":"info","msg":"fact already in vault, skipping submission","factId":"0xa81b3f3958bfa4b099bfd63213938250851c25a931ddb222e9b16899b3bf14a6","txHash":"0x9722bab1e54b0afcf10103dbcd2eee9f17a5a8d24534532ade3d0ad19587c0a8"}
{"ts":"2026-08-22T09:35:14.838Z","level":"info","msg":"confirmed","correlationId":"1-11541774-79-0","txHash":"0x9722bab1e54b0afcf10103dbcd2eee9f17a5a8d24534532ade3d0ad19587c0a8","state":"CONFIRMED","factId":"0xa81b3f3958bfa4b099bfd63213938250851c25a931ddb222e9b16899b3bf14a6","ccTxHash":"","alreadyExisted":true}
